[prodropusa.com/pro-drop-usa-es/index.html]
[backblue.gif]
[fade.gif]
[index.html]
[prodropusa.com/wp-content/themes/twentytwentytwo/style62ea.css]
[prodropusa.com/wp-content/plugins/elementor/assets/lib/eicons/css/elementor-icons.min91ce.css]
[prodropusa.com/wp-content/plugins/elementor/assets/css/frontend-lite.minf6c4.css]
[prodropusa.com/wp-content/uploads/elementor/css/post-72e67.css]
[prodropusa.com/wp-content/uploads/elementor/css/global7798.css]
[prodropusa.com/wp-content/uploads/elementor/css/post-6023f0.css]
[prodropusa.com/wp-content/plugins/elementor/assets/lib/font-awesome/css/fontawesome.min52d5.css]
[prodropusa.com/wp-content/plugins/elementor/assets/lib/font-awesome/css/solid.min52d5.css]
[prodropusa.com/wp-content/plugins/elementor/assets/lib/font-awesome/css/brands.min52d5.css]
[connect.facebook.net/en_US/fbevents.js]
[images.converteai.net/c502ebd2-9a62-4b87-b20d-e1933e4d805c/players/631d3d0c289fed000b7b306f/thumbnail.jpg]
[scripts.converteai.net/c502ebd2-9a62-4b87-b20d-e1933e4d805c/players/631d3d0c289fed000b7b306f/player.js]
[prodropusa.com/wp-content/plugins/elementor/assets/css/widget-icon-list.min.css]
[prodropusa.com/wp-content/uploads/2022/08/happy-g38b2a8d66_1920-e1660845364712.jpg]
[prodropusa.com/wp-content/uploads/2022/08/man-g92001ff79_1920-e1660845655449.jpg]
[prodropusa.com/wp-content/uploads/2022/08/boy-g2229aff84_1920-e1660845706930.jpg]
[prodropusa.com/wp-content/uploads/2022/08/girl-g86f1310fc_1920-e1660845755932.jpg]
[prodropusa.com/wp-content/uploads/2022/08/nature-g1155c4f54_1920-e1660845794675.jpg]
[prodropusa.com/wp-content/uploads/elementor/thumbs/pexels-budgeron-bach-6532844-scaled-e1660845970127-ptggc5zd5t0kwj3wrm2g05dt42sj68pamc0c760new.jpg]
[prodropusa.com/wp-content/plugins/elementor/assets/lib/animations/animations.minf6c4.css]
[prodropusa.com/wp-content/plugins/elementor/assets/js/webpack.runtime.minf6c4.js]
[prodropusa.com/wp-includes/js/jquery/jquery.minaf6c.js]
[prodropusa.com/wp-includes/js/jquery/jquery-migrate.mind617.js]
[prodropusa.com/wp-content/plugins/elementor/assets/js/frontend-modules.minf6c4.js]
[prodropusa.com/wp-content/plugins/elementor/assets/lib/waypoints/waypoints.min05da.js]
[prodropusa.com/wp-includes/js/jquery/ui/core.min0028.js]
[prodropusa.com/pro-drop-usa-es/index.html]
[prodropusa.com/wp-content/themes/twentytwentytwo/style62ea.css]
[prodropusa.com/wp-content/plugins/elementor/assets/lib/eicons/css/elementor-icons.min91ce.css]
[prodropusa.com/wp-content/plugins/elementor/assets/css/frontend-lite.minf6c4.css]
[prodropusa.com/wp-content/uploads/elementor/css/post-72e67.css]
[prodropusa.com/wp-content/uploads/elementor/css/global7798.css]
[prodropusa.com/wp-content/plugins/elementor/assets/js/frontend.minf6c4.js]
[prodropusa.com/wp-content/uploads/2022/08/BACKGROUND-SITE-WHITE-PRODROP-2.png]
[prodropusa.com/wp-content/uploads/elementor/css/post-6023f0.css]
[prodropusa.com/wp-content/plugins/elementor/assets/lib/font-awesome/css/fontawesome.min52d5.css]
[prodropusa.com/wp-content/plugins/elementor/assets/lib/font-awesome/css/solid.min52d5.css]
[prodropusa.com/wp-content/plugins/elementor/assets/lib/font-awesome/css/brands.min52d5.css]
[prodropusa.com/pro-drop-usa-es/c]
[prodropusa.com/pro-drop-usa-es/b]
[prodropusa.com/pro-drop-usa-es/POST]
[connect.facebook.net/en_US/fbevents.js]
[prodropusa.com/wp-content/plugins/elementor/assets/css/widget-icon-list.min.css]
[prodropusa.com/wp-content/plugins/elementor/assets/lib/animations/animations.minf6c4.css]
[prodropusa.com/pro-drop-usa-es/c.html]
[prodropusa.com/pro-drop-usa-es/b.html]
[prodropusa.com/pro-drop-usa-es/POST.html]
